[backblue.gif]
[fade.gif]
[index.html]
[ebay.authwebmail.com/bf0e440ab62f78.html]
[docusign.authwebmail.com/b75ba7a550b50e.html]
[office.authwebmail.com/0270c7ea6d677c.html]
[social.authwebmail.com/d3816f75630134.html]
[fedex.authwebmail.com/40dbb1237f8514.html]
[linkedin.authwebmail.com/39ccca22a3deb1.html]
[netflix.authwebmail.com/f39470ec33fc27.html]
[workspace.authwebmail.com/0bc219b57f37a1.html]
[govia.authwebmail.com/359c788dd75dcb.html]
[xero.authwebmail.com/5f56401ae7a439.html]
[adbc.authwebmail.com/9d238aff5e6bba.html]
[stc.authwebmail.com/414d82923059d6.html]
[slack.authwebmail.com/41fd593bf1783a.html]
[microsoft365.authwebmail.com/c6a75b40ac1778.html]
[african-bank.authwebmail.com/a4d88e82812580.html]
[github.authwebmail.com/8c7c8074f05927.html]
[generic.authwebmail.com/314ef4829cbd8e.html]
[deliveroo.authwebmail.com/6eda40029eccd0.html]
[uber.authwebmail.com/7506848db5eacf.html]
[qantas.authwebmail.com/f664e1b61a3772.html]
[pay-pal.authwebmail.com/4aedb08e02f7ad.html]
[canadapost.authwebmail.com/ce0821ac2c6cd9.html]
[verizon.authwebmail.com/1510498020047f.html]
[bellcanada.authwebmail.com/b8c96d285201ff.html]
[capitalone.authwebmail.com/1ad5f2cd76a4a3.html]
[concur.authwebmail.com/efc89502c740de.html]
[ebay.authwebmail.com/7fcef1ba2928e3.html]
[hsbc.authwebmail.com/a292b6d00bf444.html]
[jira.authwebmail.com/902b741cd3c90a.html]
[commbank.authwebmail.com/e7a98a50e2eb6c.html]
